{"logTime": "0905/224746", "correlationVector":"qKOApInmUmFiVLS6O2a5Sj.1","action":"SyncServerConnectionManagerRequest", "result":"SYNC_SERVER_OK", "context":{"environment":"Prod_germanywestcentral_prod-s01-011-eur-germanywestcentral", "migrationStage":"NotStarted", "server":"akswtt10300006b"}}
{"logTime": "0905/224746", "correlationVector":"qKOApInmUmFiVLS6O2a5Sj.2","action":"ProcessGetUpdates", "result":"Done", "context":{"dataType":"Encryption Keys", "deleted":"0", "process_failed_to_decrypt":"0", "process_pending_decryption":"0", "process_success":"1", "total":"1"}}
{"logTime": "0905/224746", "correlationVector":"ZKVz0kRazdigXXMF/9ysNm","action":"SyncServerConnectionManagerRequest", "result":"SYNC_SERVER_OK", "context":{"environment":"", "migrationStage":"", "server":""}}
{"logTime": "0905/224746", "correlationVector":"ZKVz0kRazdigXXMF/9ysNm.0","action":"EncryptionKeysFetcher.DownloadKeys:", "result":"Success", "context":Key count: 10, Last key timestamp: 2026-07-22T15:46:33Z}
{"logTime": "0905/224746", "correlationVector":"ZKVz0kRazdigXXMF/9ysNm.1","action":"EncryptionKeysManager::SetEncryptionKeys:", "result":"Success", "context":Key names[10]:[ckfe2JXqXl96VVADcPvEDEzhH1ty3v4cZgA9FJF4aqJZhcUyVoCFaBJ6BniBLZURQtcmkLTJbgGPobjPvO2SwA==][BOb7AnrY4eq//1+u6SCMUbGggnz0C64KE7eg0rDsbGPSozU6W962btyWTy8tLljXMJ0aPC7X7SipVnKT4+fV1A==][7jfbs6zqxRDoJqv+a71PxiLuUQHtKdNyUPnHczbn8j7IpNrqPeNp3sZSdPF0JGAQuG8s5D2uBo67IUSzN3JKxg==][P7Vb2UyKMJhKK0H6n4nXdMhcIaL4ts6Lebn23oeXoBNAgmPtvYzIzX2KiJqucbFlykWEwsXTpAH2NJmZljZqNA==][QVNWa0oybv9NEjZqP712l4OxkBXpH5D4VWgwlj+G58W7aqauxyhsvMEHLSstI02uSsg+Cw+bogyx/gl4I3fFxg==][uOdip/WRg5y6tjxxgxuzlE4LpEkzBLimvtdiSHViDdentcJGkfRVdHPiVUeTgkiYM/r//EyY15cQkZYRJA+Zmw==][MslHd1gV9S/lXC0p2j+kyfudFdFA187iggxm4DyTJ5ku96ZDDHJiPjuNl/l2NIBRqYZqKZKleUPyB/Pgin1waQ==][m1qRA2FvTKmv04V0T7lP3SyxbZZHsuAFg7j27pP/OgyE/B+l4lWT/Dool7NgwX5JFd8U1d0jiFpIg6VlhV5tfQ==][Kzq5jJpv6G65CTSA71de60+qG3DyMEcUpI/heyuwCR69uP3a1UIR1ZkRljGRPT8iGfLFwgBXsFcy7bNUdp+wiA==][P+js4f9JHa81oOJdW0Pe/PImMOeQhEo/aSI6XTumRW+fwAu6YEy7EHdoaQkBWihmylrQLI6/wjWWdg4fiT28tA==]}
{"logTime": "0905/224746", "correlationVector":"ZKVz0kRazdigXXMF/9ysNm.2","action":"EncryptionKeysManager::SetEncryptionKeysWithTimestamps:", "result":"Success", "context":Key timestamps[10]:[2025-01-02T14:42:52Z][2025-01-09T10:11:16Z][2025-01-17T10:09:28Z][2025-04-03T14:28:22Z][2025-10-10T12:01:03Z][2025-10-10T12:03:51Z][2025-10-23T12:05:51Z][2025-12-09T11:04:33Z][2025-12-19T09:38:49Z][2026-07-22T15:46:33Z]}
{"logTime": "0905/224746", "correlationVector":"qKOApInmUmFiVLS6O2a5Sj","action":"Initial GetUpdates", "result":"", "context":Reason: NEW_CLIENT. cV=qKOApInmUmFiVLS6O2a5Sj}
{"logTime": "0905/224746", "correlationVector":"qKOApInmUmFiVLS6O2a5Sj.3","action":"GetUpdates Response", "result":"Success", "context":Received 1 update(s). cV=qKOApInmUmFiVLS6O2a5Sj.0;server=akswtt10300006b;cloudType=Consumer;environment=Prod_germanywestcentral_prod-s01-011-eur-germanywestcentral;migrationStage=NotStarted}
{"logTime": "0905/224746", "correlationVector":"zRvwyWd5KlXNISpG2RtCQ9","action":"Initial GetUpdates", "result":"", "context":Reason: NEWLY_SUPPORTED_DATATYPE. cV=zRvwyWd5KlXNISpG2RtCQ9}
{"logTime": "0905/224747", "correlationVector":"zRvwyWd5KlXNISpG2RtCQ9.1","action":"SyncServerConnectionManagerRequest", "result":"SYNC_SERVER_OK", "context":{"environment":"Prod_germanywestcentral_prod-s01-011-eur-germanywestcentral", "migrationStage":"NotStarted", "server":"akswtt1030000a8"}}
{"logTime": "0905/224747", "correlationVector":"zRvwyWd5KlXNISpG2RtCQ9.2","action":"ProcessGetUpdates", "result":"Done", "context":{"dataType":"Device Info", "deleted":"0", "process_failed_to_decrypt":"0", "process_pending_decryption":"0", "process_success":"9", "total":"9"}}
{"logTime": "0905/224747", "correlationVector":"zRvwyWd5KlXNISpG2RtCQ9.3","action":"GetUpdates Response", "result":"Success", "context":Received 9 update(s). cV=zRvwyWd5KlXNISpG2RtCQ9.0;server=akswtt1030000a8;cloudType=Consumer;environment=Prod_germanywestcentral_prod-s01-011-eur-germanywestcentral;migrationStage=NotStarted}
{"logTime": "0905/224747", "correlationVector":"j3EAI6C5ZhabAZS5xxOUYL","action":"Initial GetUpdates", "result":"", "context":Reason: NEWLY_SUPPORTED_DATATYPE. cV=j3EAI6C5ZhabAZS5xxOUYL}
{"logTime": "0905/224747", "correlationVector":"j3EAI6C5ZhabAZS5xxOUYL.1","action":"SyncServerConnectionManagerRequest", "result":"SYNC_SERVER_OK", "context":{"environment":"Prod_germanywestcentral_prod-s01-011-eur-germanywestcentral", "migrationStage":"NotStarted", "server":"akswtt10300007r"}}
{"logTime": "0905/224747", "correlationVector":"j3EAI6C5ZhabAZS5xxOUYL.2","action":"ProcessGetUpdates", "result":"Done", "context":{"dataType":"Extensions", "deleted":"0", "process_failed_to_decrypt":"0", "process_pending_decryption":"0", "process_success":"1", "total":"1"}}
{"logTime": "0905/224747", "correlationVector":"j3EAI6C5ZhabAZS5xxOUYL.3","action":"GetUpdates Response", "result":"Success", "context":Received 1 update(s). cV=j3EAI6C5ZhabAZS5xxOUYL.0;server=akswtt10300007r;cloudType=Consumer;environment=Prod_germanywestcentral_prod-s01-011-eur-germanywestcentral;migrationStage=NotStarted}
{"logTime": "0905/224747", "correlationVector":"h7mp+q9yHkBU8UPxJo0rCy","action":"Normal GetUpdate request", "result":"", "context":cV=h7mp+q9yHkBU8UPxJo0rCy
Nudged types: Device Info
Refresh requested types: Extensions, Extension settings, Device Info, User Consents, Send Tab To Self, Web Apps, Encryption Keys}
{"logTime": "0905/224747", "correlationVector":"h7mp+q9yHkBU8UPxJo0rCy.1","action":"SyncServerConnectionManagerRequest", "result":"SYNC_SERVER_OK", "context":{"environment":"Prod_germanywestcentral_prod-s01-011-eur-germanywestcentral", "migrationStage":"NotStarted", "server":"akswtt10300006b"}}
{"logTime": "0905/224747", "correlationVector":"h7mp+q9yHkBU8UPxJo0rCy.2","action":"GetUpdates Response", "result":"Success", "context":Received 0 update(s). cV=h7mp+q9yHkBU8UPxJo0rCy.0;server=akswtt10300006b;cloudType=Consumer;environment=Prod_germanywestcentral_prod-s01-011-eur-germanywestcentral;migrationStage=NotStarted}
{"logTime": "0905/224747", "correlationVector":"TMlpO6j2LaYQ3P6iCgXho9","action":"DoCompareDataConsistency requsted types: ", "result":"Extensions, Extension settings, Send Tab To Self, Web Apps, Encryption Keys"}
{"logTime": "0905/224747", "correlationVector":"TMlpO6j2LaYQ3P6iCgXho9.0","action":"CompareDataConsistency result: ", "result":"Compare result: Encryption Keys is consistent. local entities count is: 1 local entities hash is: VL2UHv1uCwRDlmNBq98FM2/7xNU="}
{"logTime": "0905/224747", "correlationVector":"TMlpO6j2LaYQ3P6iCgXho9.1","action":"CompareDataConsistency result: ", "result":"Compare result: Extensions is consistent. local entities count is: 1 local entities hash is: fLIC6C25QRF0rJOb/v1hgXdLUcc="}
{"logTime": "0905/224747", "correlationVector":"TMlpO6j2LaYQ3P6iCgXho9.2","action":"CompareDataConsistency result: ", "result":"Compare result: Extension settings is consistent. local entities count is: 0 local entities hash is: "}
{"logTime": "0905/224747", "correlationVector":"TMlpO6j2LaYQ3P6iCgXho9.3","action":"CompareDataConsistency result: ", "result":"Server did not send this Send Tab To Self local entities count is: 0 local entities hash is: "}
{"logTime": "0905/224747", "correlationVector":"TMlpO6j2LaYQ3P6iCgXho9.4","action":"CompareDataConsistency result: ", "result":"Compare result: Web Apps is consistent. local entities count is: 0 local entities hash is: "}
{"logTime": "0905/224747", "correlationVector":"qE5CHygwHl89WHNXZyGJqf","action":"Commit Request", "result":"", "context":Item count: 1
Contributing types: Device Info}
{"logTime": "0905/224747", "correlationVector":"qE5CHygwHl89WHNXZyGJqf.1","action":"SyncServerConnectionManagerRequest", "result":"SYNC_SERVER_OK", "context":{"environment":"Prod_germanywestcentral_prod-s01-011-eur-germanywestcentral", "migrationStage":"NotStarted", "server":"akswtt10300007o"}}
{"logTime": "0905/224747", "correlationVector":"qE5CHygwHl89WHNXZyGJqf.2","action":"Commit Response", "result":"Success", "context":Result: Success. cV=qE5CHygwHl89WHNXZyGJqf.0;server=akswtt10300007o;cloudType=Consumer;environment=Prod_germanywestcentral_prod-s01-011-eur-germanywestcentral;migrationStage=NotStarted}
{"logTime": "0905/224747", "correlationVector":"","action":"DIAGNOSTIC_REQUEST|v1/diagnosticData/Diagnostic.SendCheckResult()|SUCCESS", "result":""}
{"logTime": "0905/224751", "correlationVector":"JyKjA6CMZHDHOkfwXl95Oc","action":"Initial GetUpdates", "result":"", "context":Reason: RECONFIGURATION. cV=JyKjA6CMZHDHOkfwXl95Oc}
{"logTime": "0905/224752", "correlationVector":"JyKjA6CMZHDHOkfwXl95Oc.1","action":"SyncServerConnectionManagerRequest", "result":"SYNC_SERVER_OK", "context":{"environment":"Prod_germanywestcentral_prod-s01-011-eur-germanywestcentral", "migrationStage":"NotStarted", "server":"akswtt1030000a8"}}
{"logTime": "0905/224752", "correlationVector":"JyKjA6CMZHDHOkfwXl95Oc.2","action":"ProcessGetUpdates", "result":"Done", "context":{"dataType":"Passwords", "deleted":"0", "process_failed_to_decrypt":"0", "process_pending_decryption":"0", "process_success":"35", "total":"35"}}
{"logTime": "0905/224752", "correlationVector":"JyKjA6CMZHDHOkfwXl95Oc.3","action":"ProcessGetUpdates", "result":"Done", "context":{"dataType":"Device Info", "deleted":"0", "process_failed_to_decrypt":"0", "process_pending_decryption":"0", "process_success":"10", "total":"10"}}
{"logTime": "0905/224752", "correlationVector":"JyKjA6CMZHDHOkfwXl95Oc.4","action":"GetUpdates Response", "result":"Success", "context":Received 45 update(s). cV=JyKjA6CMZHDHOkfwXl95Oc.0;server=akswtt1030000a8;cloudType=Consumer;environment=Prod_germanywestcentral_prod-s01-011-eur-germanywestcentral;migrationStage=NotStarted}
{"logTime": "0905/224752", "correlationVector":"ufZTkxYVfzORwuzM3+0VpI","action":"Initial GetUpdates", "result":"", "context":Reason: RECONFIGURATION. cV=ufZTkxYVfzORwuzM3+0VpI}
{"logTime": "0905/224752", "correlationVector":"ufZTkxYVfzORwuzM3+0VpI.1","action":"SyncServerConnectionManagerRequest", "result":"SYNC_SERVER_OK", "context":{"environment":"Prod_germanywestcentral_prod-s01-011-eur-germanywestcentral", "migrationStage":"NotStarted", "server":"akswtt10300008d"}}
{"logTime": "0905/224752", "correlationVector":"ufZTkxYVfzORwuzM3+0VpI.2","action":"ProcessGetUpdates", "result":"Done", "context":{"dataType":"Bookmarks", "deleted":"0", "process_failed_to_decrypt":"0", "process_pending_decryption":"0", "process_success":"6", "total":"6"}}
{"logTime": "0905/224752", "correlationVector":"ufZTkxYVfzORwuzM3+0VpI.3","action":"ProcessGetUpdates", "result":"Done", "context":{"dataType":"Preferences", "deleted":"1", "process_failed_to_decrypt":"0", "process_pending_decryption":"0", "process_success":"76", "total":"76"}}
{"logTime": "0905/224752", "correlationVector":"ufZTkxYVfzORwuzM3+0VpI.4","action":"ProcessGetUpdates", "result":"Done", "context":{"dataType":"Autofill Profiles", "deleted":"0", "process_failed_to_decrypt":"0", "process_pending_decryption":"0", "process_success":"1", "total":"1"}}
{"logTime": "0905/224752", "correlationVector":"ufZTkxYVfzORwuzM3+0VpI.5","action":"ProcessGetUpdates", "result":"Done", "context":{"dataType":"Autofill", "deleted":"0", "process_failed_to_decrypt":"0", "process_pending_decryption":"0", "process_success":"42", "total":"42"}}
{"logTime": "0905/224752", "correlationVector":"ufZTkxYVfzORwuzM3+0VpI.6","action":"ProcessGetUpdates", "result":"Done", "context":{"dataType":"Extensions", "deleted":"0", "process_failed_to_decrypt":"0", "process_pending_decryption":"0", "process_success":"1", "total":"1"}}
{"logTime": "0905/224752", "correlationVector":"ufZTkxYVfzORwuzM3+0VpI.7","action":"ProcessGetUpdates", "result":"Done", "context":{"dataType":"Sessions", "deleted":"7", "process_failed_to_decrypt":"0", "process_pending_decryption":"0", "process_success":"9", "total":"9"}}
{"logTime": "0905/224752", "correlationVector":"ufZTkxYVfzORwuzM3+0VpI.8","action":"GetUpdates Response", "result":"Success", "context":Received 135 update(s). cV=ufZTkxYVfzORwuzM3+0VpI.0;server=akswtt10300008d;cloudType=Consumer;environment=Prod_germanywestcentral_prod-s01-011-eur-germanywestcentral;migrationStage=NotStarted}
{"logTime": "0905/224752", "correlationVector":"Zmx0AvtXUONmNoGuO0LhnK","action":"Initial GetUpdates", "result":"", "context":Reason: RECONFIGURATION. cV=Zmx0AvtXUONmNoGuO0LhnK}
{"logTime": "0905/224752", "correlationVector":"Zmx0AvtXUONmNoGuO0LhnK.1","action":"SyncServerConnectionManagerRequest", "result":"SYNC_SERVER_OK", "context":{"environment":"Prod_germanywestcentral_prod-s01-011-eur-germanywestcentral", "migrationStage":"NotStarted", "server":"akswtt10300007r"}}
{"logTime": "0905/224752", "correlationVector":"Zmx0AvtXUONmNoGuO0LhnK.2","action":"ProcessGetUpdates", "result":"Done", "context":{"dataType":"History", "deleted":"0", "process_failed_to_decrypt":"0", "process_pending_decryption":"0", "process_success":"4", "total":"4"}}
{"logTime": "0905/224752", "correlationVector":"Zmx0AvtXUONmNoGuO0LhnK.3","action":"GetUpdates Response", "result":"Success", "context":Received 4 update(s). cV=Zmx0AvtXUONmNoGuO0LhnK.0;server=akswtt10300007r;cloudType=Consumer;environment=Prod_germanywestcentral_prod-s01-011-eur-germanywestcentral;migrationStage=NotStarted}
{"logTime": "0905/224752", "correlationVector":"4vYfRSbE86EkinYXlGm2qN","action":"Normal GetUpdate request", "result":"", "context":cV=4vYfRSbE86EkinYXlGm2qN
Nudged types: Sessions, Device Info
Refresh requested types: Bookmarks, Preferences, Passwords, Autofill Profiles, Autofill, Extensions, Sessions, Extension settings, History Delete Directives, Device Info, User Consents, Send Tab To Self, Web Apps, History, Saved Tab Group, WebAuthn Credentials, Edge Hub App Usage, Edge Workspace, Encryption Keys}
{"logTime": "0905/224753", "correlationVector":"4vYfRSbE86EkinYXlGm2qN.1","action":"SyncServerConnectionManagerRequest", "result":"SYNC_SERVER_OK", "context":{"environment":"Prod_germanywestcentral_prod-s01-011-eur-germanywestcentral", "migrationStage":"NotStarted", "server":"akswtt10300007r"}}
{"logTime": "0905/224753", "correlationVector":"4vYfRSbE86EkinYXlGm2qN.2","action":"GetUpdates Response", "result":"Success", "context":Received 0 update(s). cV=4vYfRSbE86EkinYXlGm2qN.0;server=akswtt10300007r;cloudType=Consumer;environment=Prod_germanywestcentral_prod-s01-011-eur-germanywestcentral;migrationStage=NotStarted}
{"logTime": "0905/224753", "correlationVector":"dqQZ2H4qjHZ9S8Jlvn5tGC","action":"Commit Request", "result":"", "context":Item count: 2
Contributing types: Sessions, Device Info}
{"logTime": "0905/224753", "correlationVector":"dqQZ2H4qjHZ9S8Jlvn5tGC.1","action":"SyncServerConnectionManagerRequest", "result":"SYNC_SERVER_OK", "context":{"environment":"Prod_germanywestcentral_prod-s01-011-eur-germanywestcentral", "migrationStage":"NotStarted", "server":"akswtt1030000a8"}}
{"logTime": "0905/224753", "correlationVector":"dqQZ2H4qjHZ9S8Jlvn5tGC.2","action":"Commit Response", "result":"Success", "context":Result: Success. cV=dqQZ2H4qjHZ9S8Jlvn5tGC.0;server=akswtt1030000a8;cloudType=Consumer;environment=Prod_germanywestcentral_prod-s01-011-eur-germanywestcentral;migrationStage=NotStarted}
{"logTime": "0905/224851", "correlationVector":"4hGaRYzaCDyHqk3DDUCLY4","action":"Normal GetUpdate request", "result":"", "context":cV=4hGaRYzaCDyHqk3DDUCLY4
Nudged types: Sessions
Refresh requested types: Bookmarks, Preferences, Passwords, Autofill Profiles, Autofill, Extensions, Sessions, Extension settings, History Delete Directives, Device Info, User Consents, Send Tab To Self, Web Apps, History, Saved Tab Group, WebAuthn Credentials, Edge Hub App Usage, Edge Workspace, Encryption Keys}
{"logTime": "0905/224851", "correlationVector":"4hGaRYzaCDyHqk3DDUCLY4.1","action":"SyncServerConnectionManagerRequest", "result":"SYNC_SERVER_OK", "context":{"environment":"Prod_germanywestcentral_prod-s01-011-eur-germanywestcentral", "migrationStage":"NotStarted", "server":"akswtt10300004q"}}
{"logTime": "0905/224851", "correlationVector":"4hGaRYzaCDyHqk3DDUCLY4.2","action":"ProcessGetUpdates", "result":"Done", "context":{"dataType":"Sessions", "deleted":"0", "process_failed_to_decrypt":"0", "process_pending_decryption":"0", "process_success":"2", "total":"2"}}
{"logTime": "0905/224851", "correlationVector":"4hGaRYzaCDyHqk3DDUCLY4.3","action":"ProcessGetUpdates", "result":"Done", "context":{"dataType":"History", "deleted":"0", "process_failed_to_decrypt":"0", "process_pending_decryption":"0", "process_success":"2", "total":"2"}}
{"logTime": "0905/224851", "correlationVector":"4hGaRYzaCDyHqk3DDUCLY4.4","action":"GetUpdates Response", "result":"Success", "context":Received 4 update(s). cV=4hGaRYzaCDyHqk3DDUCLY4.0;server=akswtt10300004q;cloudType=Consumer;environment=Prod_germanywestcentral_prod-s01-011-eur-germanywestcentral;migrationStage=NotStarted}
{"logTime": "0905/224852", "correlationVector":"Kzi/Miljo+1BCMVUOCD8qB","action":"Commit Request", "result":"", "context":Item count: 1
Contributing types: Sessions}
{"logTime": "0905/224852", "correlationVector":"Kzi/Miljo+1BCMVUOCD8qB.1","action":"SyncServerConnectionManagerRequest", "result":"SYNC_SERVER_OK", "context":{"environment":"Prod_germanywestcentral_prod-s01-011-eur-germanywestcentral", "migrationStage":"NotStarted", "server":"akswtt10300004j"}}
{"logTime": "0905/224852", "correlationVector":"Kzi/Miljo+1BCMVUOCD8qB.2","action":"Commit Response", "result":"Success", "context":Result: Success. cV=Kzi/Miljo+1BCMVUOCD8qB.0;server=akswtt10300004j;cloudType=Consumer;environment=Prod_germanywestcentral_prod-s01-011-eur-germanywestcentral;migrationStage=NotStarted}
{"logTime": "0905/224852", "correlationVector":"Kzi/Miljo+1BCMVUOCD8qB.3","action":"Commit.Sessions", "result":"Success", "context":{"id":"f93b0404-cfa5-401b-a7e8-e2fba7e4fb0b", "isDeleted":"true", "size":"0", "version":"1788648521464"}}
