2026-09-05 22:47:31.968: [INFO] CurrentProfilePath: C:\Users\Utilisateur\Desktop\Documents\GitHub\GREEN_ENERBRAS\Edge_Profile\Default
2026-09-05 22:47:31.968: [INFO] Profiles total count: 1
2026-09-05 22:47:31.968: [INFO] Profile: name=Profilo 1 path=C:\Users\Utilisateur\Desktop\Documents\GitHub\GREEN_ENERBRAS\Edge_Profile\Default lastActive=null
2026-09-05 22:47:31.968: [INFO] LastUsedProfileDir: C:\Users\Utilisateur\Desktop\Documents\GitHub\GREEN_ENERBRAS\Edge_Profile\Default
2026-09-05 22:47:31.968: [INFO] VisibilityChanged: 0
2026-09-05 22:47:32.103: [INFO] RecordSyncInitDuration has_sync_been_enabled: 0 state: 0
2026-09-05 22:47:32.105: [INFO] RecordSyncInitDuration has_sync_been_enabled: 0 state: 0
2026-09-05 22:47:32.110: [INFO] RecordSyncInitDuration has_sync_been_enabled: 0 state: 0
2026-09-05 22:47:32.112: [INFO] RecordSyncInitDuration has_sync_been_enabled: 0 state: 0
2026-09-05 22:47:32.117: [INFO] RecordSyncInitDuration has_sync_been_enabled: 0 state: 0
2026-09-05 22:47:32.119: [INFO] RecordSyncInitDuration has_sync_been_enabled: 0 state: 0
2026-09-05 22:47:32.122: [INFO] RecordSyncInitDuration has_sync_been_enabled: 0 state: 0
2026-09-05 22:47:32.125: [INFO] RecordSyncInitDuration has_sync_been_enabled: 0 state: 0
2026-09-05 22:47:32.129: [INFO] RecordSyncInitDuration has_sync_been_enabled: 0 state: 0
2026-09-05 22:47:32.131: [INFO] RecordSyncInitDuration has_sync_been_enabled: 0 state: 0
2026-09-05 22:47:32.154: [INFO] OnDoneLoading sync enabled: 0
2026-09-05 22:47:32.154: [INFO] BookmarkModelLoaded, ids_reassigned: 0
2026-09-05 22:47:32.154: [INFO] BookmarksLoadDropped droppedNodes=0
2026-09-05 22:47:32.154: [INFO] BookmarksSnapshot Startup total=0 bar=0 other=0 mobile=0 showBar=0 showBarNTP=1
2026-09-05 22:47:32.232: [INFO] RecordSyncInitDuration has_sync_been_enabled: 0 state: 0
2026-09-05 22:47:41.142: [INFO] RecordSyncInitDuration has_sync_been_enabled: 0 state: 0
2026-09-05 22:47:41.148: [INFO] RecordSyncInitDuration has_sync_been_enabled: 0 state: 3
2026-09-05 22:47:41.155: [INFO] Primary account changed.
2026-09-05 22:47:41.155: [INFO] OnPrimaryAccountChanged PrimaryAccountChangeEvent::Type::kSet
2026-09-05 22:47:41.221: [INFO] RecordSyncInitDuration has_sync_been_enabled: 0 state: 3
2026-09-05 22:47:46.028: [INFO] RecordSyncInitDuration has_sync_been_enabled: 0 state: 3
2026-09-05 22:47:46.053: [INFO] RecordSyncInitDuration has_sync_been_enabled: 0 state: 3
2026-09-05 22:47:46.057: [INFO] RecordSyncInitDuration has_sync_been_enabled: 0 state: 3
2026-09-05 22:47:46.060: [INFO] RecordSyncInitDuration has_sync_been_enabled: 0 state: 3
2026-09-05 22:47:46.063: [INFO] RecordSyncInitDuration has_sync_been_enabled: 0 state: 3
2026-09-05 22:47:46.066: [INFO] RecordSyncInitDuration has_sync_been_enabled: 0 state: 3
2026-09-05 22:47:46.072: [INFO] RecordSyncInitDuration has_sync_been_enabled: 0 state: 5
2026-09-05 22:47:46.078: [INFO] RecordSyncInitDuration has_sync_been_enabled: 0 state: 5
2026-09-05 22:47:46.776: [INFO] RecordSyncInitDuration has_sync_been_enabled: 0 state: 5
2026-09-05 22:47:46.801: [INFO] RecordSyncInitDuration has_sync_been_enabled: 0 state: 5
2026-09-05 22:47:47.065: [INFO] RecordSyncInitDuration has_sync_been_enabled: 0 state: 5
2026-09-05 22:47:47.264: [INFO] RecordSyncInitDuration has_sync_been_enabled: 0 state: 5
2026-09-05 22:47:47.271: [INFO] RecordSyncInitDuration has_sync_been_enabled: 0 state: 6
2026-09-05 22:47:47.276: [INFO] RecordSyncInitDuration has_sync_been_enabled: 0 state: 6
2026-09-05 22:47:47.810: [INFO] RecordSyncInitDuration has_sync_been_enabled: 0 state: 6
2026-09-05 22:47:47.813: [INFO] RecordSyncInitDuration has_sync_been_enabled: 0 state: 6
2026-09-05 22:47:48.017: [INFO] RecordSyncInitDuration has_sync_been_enabled: 0 state: 6
2026-09-05 22:47:51.730: [INFO] RecordSyncInitDuration has_sync_been_enabled: 0 state: 5
2026-09-05 22:47:51.733: [INFO] RecordSyncInitDuration has_sync_been_enabled: 0 state: 5
2026-09-05 22:47:51.736: [INFO] RecordSyncInitDuration has_sync_been_enabled: 0 state: 5
2026-09-05 22:47:51.739: [INFO] RecordSyncInitDuration has_sync_been_enabled: 0 state: 5
2026-09-05 22:47:52.434: [INFO] BookmarkBarPrefChanged showBar=0 showBarNTP=0
2026-09-05 22:47:52.548: [INFO] VisibilityChanged: 1
2026-09-05 22:47:52.671: [INFO] Sync initialization duration: 922ms
2026-09-05 22:48:24.204: [INFO] VisibilityChanged: 0
2026-09-05 22:48:24.941: [INFO] BookmarksSnapshot Shutdown total=0 bar=0 other=0 mobile=0 showBar=1 showBarNTP=0
2026-09-05 22:48:49.385: [INFO] CurrentProfilePath: C:\Users\Utilisateur\Desktop\Documents\GitHub\GREEN_ENERBRAS\Edge_Profile\Default
2026-09-05 22:48:49.385: [INFO] Profiles total count: 1
2026-09-05 22:48:49.385: [INFO] Profile: name=Personale path=C:\Users\Utilisateur\Desktop\Documents\GitHub\GREEN_ENERBRAS\Edge_Profile\Default lastActive=2026-09-05T22:48:49.327Z
2026-09-05 22:48:49.385: [INFO] LastUsedProfileDir: C:\Users\Utilisateur\Desktop\Documents\GitHub\GREEN_ENERBRAS\Edge_Profile\Default
2026-09-05 22:48:49.385: [INFO] MostRecentlyActiveProfile: name=Personale path=C:\Users\Utilisateur\Desktop\Documents\GitHub\GREEN_ENERBRAS\Edge_Profile\Default lastActive=2026-09-05T22:48:49.327Z
2026-09-05 22:48:49.385: [INFO] OnDoneLoading sync enabled: 1
2026-09-05 22:48:49.385: [INFO] BookmarkModelLoaded, ids_reassigned: 0
2026-09-05 22:48:49.385: [INFO] BookmarksLoadDropped droppedNodes=0
2026-09-05 22:48:49.385: [INFO] BookmarksSnapshot Startup total=0 bar=0 other=0 mobile=0 showBar=1 showBarNTP=0
2026-09-05 22:48:51.101: [INFO] Sync initialization duration: 66ms
